// Jest Snapshot v1, https://goo.gl/fbAQLP

exports[`Test should take a snapshot 1`] = `
<DocumentFragment>
  Initializing...
</DocumentFragment>
`;
